\BOOKMARK [1][-]{section.1}{\376\377\000I\000n\000t\000r\000o\000d\000u\000c\000c\000i\000\363\000n}{}% 1
\BOOKMARK [1][-]{section.2}{\376\377\000O\000b\000j\000e\000t\000i\000v\000o\000s}{}% 2
\BOOKMARK [1][-]{section.3}{\376\377\000M\000o\000d\000e\000l\000o\000\040\000D\000e\000\040\000D\000a\000t\000o\000s}{}% 3
\BOOKMARK [1][-]{section.4}{\376\377\000M\000e\000t\000o\000d\000o\000l\000o\000g\000\355\000a}{}% 4
\BOOKMARK [1][-]{section.5}{\376\377\000G\000e\000n\000e\000r\000a\000c\000i\000\363\000n\000\040\000D\000e\000\040\000D\000a\000t\000o\000s}{}% 5
\BOOKMARK [1][-]{section.6}{\376\377\000E\000x\000p\000l\000i\000c\000a\000c\000i\000\363\000n\000\040\000D\000e\000\040\000L\000a\000s\000\040\000C\000u\000a\000t\000r\000o\000\040\000C\000o\000n\000s\000u\000l\000t\000a\000s}{}% 6
\BOOKMARK [2][-]{subsection.6.1}{\376\377\000C\000o\000n\000s\000u\000l\000t\000a\000\040\0001\000:\000\040\000d\000o\000b\000l\000e\000\040\000N\000O\000T\000\040\000E\000X\000I\000S\000T\000S}{section.6}% 7
\BOOKMARK [2][-]{subsection.6.2}{\376\377\000C\000o\000n\000s\000u\000l\000t\000a\000\040\0002\000:\000\040\000a\000g\000r\000u\000p\000a\000c\000i\000\363\000n\000\040\000y\000\040\000f\000i\000r\000m\000a\000\040\000d\000e\000l\000\040\000c\000o\000n\000j\000u\000n\000t\000o}{section.6}% 8
\BOOKMARK [2][-]{subsection.6.3}{\376\377\000C\000o\000n\000s\000u\000l\000t\000a\000\040\0003\000:\000\040\000c\000o\000n\000t\000e\000o\000s\000\040\000y\000\040\000p\000r\000o\000d\000u\000c\000t\000o\000s\000\040\000c\000o\000m\000u\000n\000e\000s}{section.6}% 9
\BOOKMARK [2][-]{subsection.6.4}{\376\377\000C\000o\000n\000s\000u\000l\000t\000a\000\040\0004\000:\000\040\000o\000p\000e\000r\000a\000d\000o\000r\000e\000s\000\040\000d\000e\000\040\000c\000o\000n\000j\000u\000n\000t\000o\000s}{section.6}% 10
\BOOKMARK [1][-]{section.7}{\376\377\000R\000e\000s\000u\000l\000t\000a\000d\000o\000s\000\040\000y\000\040\000A\000n\000\341\000l\000i\000s\000i\000s}{}% 11
\BOOKMARK [2][-]{subsection.7.1}{\376\377\000T\000a\000b\000l\000a\000s\000\040\000d\000e\000\040\000R\000e\000s\000u\000l\000t\000a\000d\000o\000s}{section.7}% 12
\BOOKMARK [3][-]{subsubsection.7.1.1}{\376\377\000T\000a\000b\000l\000a\000\040\000R\000e\000s\000u\000m\000e\000n\000\040\000O\000r\000a\000c\000l\000e\000\040\000-\000\040\000E\000x\000p\000l\000a\000i\000n\000\040\000P\000l\000a\000n}{subsection.7.1}% 13
\BOOKMARK [3][-]{subsubsection.7.1.2}{\376\377\000T\000a\000b\000l\000a\000\040\000R\000e\000s\000u\000m\000e\000n\000\040\000O\000r\000a\000c\000l\000e\000\040\000-\000\040\000M\000\351\000t\000r\000i\000c\000a\000s\000\040\000\050\000v\000\044\000s\000q\000l\000\051}{subsection.7.1}% 14
\BOOKMARK [3][-]{subsubsection.7.1.3}{\376\377\000T\000a\000b\000l\000a\000\040\000R\000e\000s\000u\000m\000e\000n\000\040\000P\000o\000s\000t\000g\000r\000e\000S\000Q\000L}{subsection.7.1}% 15
\BOOKMARK [2][-]{subsection.7.2}{\376\377\000C\000o\000m\000p\000a\000r\000a\000c\000i\000\363\000n\000\040\000d\000e\000\040\000R\000e\000n\000d\000i\000m\000i\000e\000n\000t\000o\000\040\000\050\000O\000r\000a\000c\000l\000e\000\040\000v\000s\000\040\000P\000o\000s\000t\000g\000r\000e\000S\000Q\000L\000\051}{section.7}% 16
\BOOKMARK [3][-]{subsubsection.7.2.1}{\376\377\000T\000i\000e\000m\000p\000o\000\040\000d\000e\000\040\000e\000j\000e\000c\000u\000c\000i\000\363\000n}{subsection.7.2}% 17
\BOOKMARK [3][-]{subsubsection.7.2.2}{\376\377\000L\000e\000c\000t\000u\000r\000a\000s\000\040\000l\000\363\000g\000i\000c\000a\000s\000\040\000y\000\040\000P\000l\000a\000n\000e\000s\000\040\000d\000e\000\040\000E\000j\000e\000c\000u\000c\000i\000\363\000n}{subsection.7.2}% 18
\BOOKMARK [1][-]{section.8}{\376\377\000C\000o\000n\000c\000l\000u\000s\000i\000o\000n\000e\000s}{}% 19
\BOOKMARK [1][-]{section.9}{\376\377\000E\000v\000i\000d\000e\000n\000c\000i\000a\000s\000\040\000e\000n\000\040\000P\000o\000s\000t\000g\000r\000e\000S\000Q\000L\000\040\000\050\000P\000a\000n\000t\000a\000l\000l\000a\000z\000o\000s\000\051}{}% 20
